// Jest Snapshot v1, https://goo.gl/fbAQLP

exports[`test the Label 1`] = `
<label>
  New Label
</label>
`;
