// Jest Snapshot v1, https://goo.gl/fbAQLP

exports[`test the Container 1`] = `
<div>
  <div
    className="MuiGrid-root root MuiGrid-container MuiGrid-direction-xs-column MuiGrid-align-items-xs-center MuiGrid-justify-xs-center"
  >
    <h4
      className="MuiTypography-root MuiTypography-h4 MuiTypography-alignCenter"
      data-testid="h1tag"
    >
      Heading
    </h4>
  </div>
</div>
`;
