// Jest Snapshot v1, https://goo.gl/fbAQLP

exports[`render 1`] = `
<DocumentFragment>
  <h4
    class="MuiTypography-root MuiTypography-h4 MuiTypography-alignCenter"
    data-testid="h1tag"
  >
    Heading
  </h4>
</DocumentFragment>
`;
